Launching lib\main.dart on Windows in debug mode...
